This file contains any messages produced by compilers while
running configure, to aid debugging if configure makes a mistake.

It was created by Zoltan configure 3.6, which was
generated by GNU Autoconf 2.68.  Invocation command line was

  $ ../configure --host=x86_64-w64-mingw32 --prefix=/home/kodama/OpenFOAM-Foundation/ThirdParty-13/platforms/linux64MingwDPInt32 --disable-mpi --disable-zoltan-cppdriver --with-ccflags=-fPIC -O3 --with-cxxflags=-fPIC -O3 CC=x86_64-w64-mingw32-gcc CXX=x86_64-w64-mingw32-g++ AR=x86_64-w64-mingw32-ar RANLIB=x86_64-w64-mingw32-ranlib

## --------- ##
## Platform. ##
## --------- ##

hostname = DESKTOP-03G0G1T
uname -m = x86_64
uname -r = 6.18.33.2-microsoft-standard-WSL2
uname -s = Linux
uname -v = #1 SMP PREEMPT_DYNAMIC Thu Jun 18 21:54:43 UTC 2026

/usr/bin/uname -p = x86_64
/bin/uname -X     = unknown

/bin/arch              = x86_64
/usr/bin/arch -k       = unknown
/usr/convex/getsysinfo = unknown
/usr/bin/hostinfo      = unknown
/bin/machine           = unknown
/usr/bin/oslevel       = unknown
/bin/universe          = unknown

PATH: /home/kodama/OpenFOAM-Foundation/ThirdParty-13/platforms/linux64Mingw/gperftools-svn/bin
PATH: /home/kodama/OpenFOAM-Foundation/ThirdParty-13/opt/msmpi/bin
PATH: /home/kodama/OpenFOAM-Foundation/OpenFOAM-13/bin
PATH: /home/kodama/OpenFOAM-Foundation/OpenFOAM-13/wmake
PATH: /home/kodama/OpenFOAM/kodama-13/platforms/linux64MingwDPInt32Opt/bin
PATH: /home/kodama/OpenFOAM-Foundation/site/13/platforms/linux64MingwDPInt32Opt/bin
PATH: /home/kodama/OpenFOAM-Foundation/OpenFOAM-13/platforms/linux64MingwDPInt32Opt/bin
PATH: /usr/local/sbin
PATH: /usr/local/bin
PATH: /usr/sbin
PATH: /usr/bin
PATH: /sbin
PATH: /bin
PATH: /usr/games
PATH: /usr/local/games
PATH: /usr/lib/wsl/lib
PATH: /mnt/c/Python314/Scripts
PATH: /mnt/c/Python314
PATH: /mnt/c/Program Files/Microsoft MPI/Bin
PATH: /mnt/c/WINDOWS/system32
PATH: /mnt/c/WINDOWS
PATH: /mnt/c/WINDOWS/System32/Wbem
PATH: /mnt/c/WINDOWS/System32/WindowsPowerShell/v1.0
PATH: /mnt/c/WINDOWS/System32/OpenSSH
PATH: /mnt/c/Program Files/TortoiseSVN/bin
PATH: /mnt/c/Program Files/Microsoft SQL Server/150/Tools/Binn
PATH: /mnt/c/Program Files (x86)/Windows Kits/10/Windows Performance Toolkit
PATH: /mnt/c/Program Files (x86)/Windows Kits/8.1/Windows Performance Toolkit
PATH: /mnt/c/Program Files/Git/cmd
PATH: /mnt/c/Program Files/dotnet
PATH: /mnt/c/Program Files/nodejs
PATH: /mnt/c/ProgramData/chocolatey/bin
PATH: /mnt/c/Program Files/GitHub CLI
PATH: /mnt/c/Users/KODAMA/AppData/Local/Microsoft/WindowsApps
PATH: /mnt/c/Users/KODAMA/AppData/Local/Programs/Microsoft VS Code/bin
PATH: /mnt/c/Users/KODAMA/.dotnet/tools
PATH: /mnt/c/Users/KODAMA/AppData/Roaming/npm
PATH: /home/kodama/bin


## ----------- ##
## Core tests. ##
## ----------- ##

configure:2235: checking whether to enable maintainer-specific portions of Makefiles
configure:2244: result: no
configure:2264: checking build system type
configure:2278: result: x86_64-pc-linux-gnu
configure:2298: checking host system type
configure:2311: result: x86_64-w64-mingw32
configure:2331: checking target system type
configure:2344: result: x86_64-w64-mingw32
configure:2459: checking for a BSD-compatible install
configure:2527: result: /usr/bin/install -c
configure:2538: checking whether build environment is sane
configure:2588: result: yes
configure:2637: checking for x86_64-w64-mingw32-strip
configure:2653: found /usr/bin/x86_64-w64-mingw32-strip
configure:2664: result: x86_64-w64-mingw32-strip
configure:2729: checking for a thread-safe mkdir -p
configure:2768: result: /usr/bin/mkdir -p
configure:2781: checking for gawk
configure:2797: found /usr/bin/gawk
configure:2808: result: gawk
configure:2819: checking whether make sets $(MAKE)
configure:2841: result: yes
configure:2907: checking how to create a ustar tar archive
configure:2920: tar --version
tar (GNU tar) 1.34
Copyright (C) 2021 Free Software Foundation, Inc.
License GPLv3+: GNU GPL version 3 or later <https://gnu.org/licenses/gpl.html>.
This is free software: you are free to change and redistribute it.
There is NO WARRANTY, to the extent permitted by law.

Written by John Gilmore and Jay Fenlason.
configure:2923: $? = 0
configure:2963: tardir=conftest.dir && eval tar --format=ustar -chf - "$tardir" >conftest.tar
configure:2966: $? = 0
configure:2970: tar -xf - <conftest.tar
configure:2973: $? = 0
configure:2986: result: gnutar
configure:3009: checking whether to use f90interface
configure:3019: result: no
configure:3060: checking whether to use zoltan-cppdriver
configure:3070: result: no
configure:3483: checking whether we are using MPI
configure:3485: result: no
configure:3540: checking for style of include used by make
configure:3568: result: GNU
configure:3599: checking for x86_64-w64-mingw32-gcc
configure:3626: result: x86_64-w64-mingw32-gcc
configure:3895: checking for C compiler version
configure:3904: x86_64-w64-mingw32-gcc --version >&5
x86_64-w64-mingw32-gcc (SUSE Linux) 9.2.0
Copyright (C) 2019 Free Software Foundation, Inc.
This is free software; see the source for copying conditions.  There is NO
warranty; not even for MERCHANTABILITY or FITNESS FOR A PARTICULAR PURPOSE.

configure:3915: $? = 0
configure:3904: x86_64-w64-mingw32-gcc -v >&5
Using built-in specs.
COLLECT_GCC=x86_64-w64-mingw32-gcc
COLLECT_LTO_WRAPPER=/usr/lib64/gcc/x86_64-w64-mingw32/9.2.0/lto-wrapper
Target: x86_64-w64-mingw32
Configured with: ../configure --prefix=/usr --bindir=/usr/bin --includedir=/usr/include --libdir=/usr/lib64 --libexecdir=/usr/lib64 --mandir=/usr/share/man --infodir=/usr/share/info --datadir=/usr/share --build=x86_64-suse-linux-gnu --host=x86_64-suse-linux-gnu --target=x86_64-w64-mingw32 --with-gnu-as --with-gnu-ld --verbose --without-newlib --disable-multilib --enable-shared --disable-plugin --with-system-zlib --disable-nls --without-included-gettext --disable-win32-registry --enable-threads=posix --enable-version-specific-runtime-libs --with-sysroot=/usr/x86_64-w64-mingw32/sys-root --enable-languages=c,c++,fortran,objc,obj-c++ --without-x --enable-hash-synchronization --enable-fully-dynamic-string --enable-libgomp --enable-linker-build-id --disable-vtable-verify --with-pkgversion='SUSE Linux'
Thread model: posix
gcc version 9.2.0 (SUSE Linux) 
configure:3915: $? = 0
configure:3904: x86_64-w64-mingw32-gcc -V >&5
x86_64-w64-mingw32-gcc: error: unrecognized command line option '-V'
x86_64-w64-mingw32-gcc: fatal error: no input files
compilation terminated.
configure:3915: $? = 1
configure:3904: x86_64-w64-mingw32-gcc -qversion >&5
x86_64-w64-mingw32-gcc: error: unrecognized command line option '-qversion'; did you mean '--version'?
x86_64-w64-mingw32-gcc: fatal error: no input files
compilation terminated.
configure:3915: $? = 1
configure:3935: checking whether the C compiler works
configure:3957: x86_64-w64-mingw32-gcc -m64  -m64 conftest.c  >&5
configure:3961: $? = 0
configure:4009: result: yes
configure:4012: checking for C compiler default output file name
configure:4014: result: a.exe
configure:4020: checking for suffix of executables
configure:4027: x86_64-w64-mingw32-gcc -o conftest.exe -m64  -m64 conftest.c  >&5
configure:4031: $? = 0
configure:4053: result: .exe
configure:4075: checking whether we are cross compiling
configure:4083: x86_64-w64-mingw32-gcc -o conftest.exe -m64  -m64 conftest.c  >&5
configure:4087: $? = 0
configure:4094: ./conftest.exe
configure:4098: $? = 0
configure:4113: result: no
configure:4118: checking for suffix of object files
configure:4140: x86_64-w64-mingw32-gcc -c -m64  conftest.c >&5
configure:4144: $? = 0
configure:4165: result: o
configure:4169: checking whether we are using the GNU C compiler
configure:4188: x86_64-w64-mingw32-gcc -c -m64  conftest.c >&5
configure:4188: $? = 0
configure:4197: result: yes
configure:4206: checking whether x86_64-w64-mingw32-gcc accepts -g
configure:4226: x86_64-w64-mingw32-gcc -c -g  conftest.c >&5
configure:4226: $? = 0
configure:4267: result: yes
configure:4284: checking for x86_64-w64-mingw32-gcc option to accept ISO C89
configure:4348: x86_64-w64-mingw32-gcc  -c -m64  conftest.c >&5
configure:4348: $? = 0
configure:4361: result: none needed
configure:4383: checking dependency style of x86_64-w64-mingw32-gcc
configure:4494: result: gcc3
configure:4510: checking whether x86_64-w64-mingw32-gcc and cc understand -c and -o together
configure:4541: x86_64-w64-mingw32-gcc -c conftest.c -o conftest2.o >&5
configure:4545: $? = 0
configure:4551: x86_64-w64-mingw32-gcc -c conftest.c -o conftest2.o >&5
configure:4555: $? = 0
configure:4566: cc -c conftest.c >&5
configure:4570: $? = 0
configure:4578: cc -c conftest.c -o conftest2.o >&5
configure:4582: $? = 0
configure:4588: cc -c conftest.c -o conftest2.o >&5
configure:4592: $? = 0
configure:4610: result: yes
configure:4749: checking for C++ compiler version
configure:4758: x86_64-w64-mingw32-g++ --version >&5
x86_64-w64-mingw32-g++ (SUSE Linux) 9.2.0
Copyright (C) 2019 Free Software Foundation, Inc.
This is free software; see the source for copying conditions.  There is NO
warranty; not even for MERCHANTABILITY or FITNESS FOR A PARTICULAR PURPOSE.

configure:4769: $? = 0
configure:4758: x86_64-w64-mingw32-g++ -v >&5
Using built-in specs.
COLLECT_GCC=x86_64-w64-mingw32-g++
COLLECT_LTO_WRAPPER=/usr/lib64/gcc/x86_64-w64-mingw32/9.2.0/lto-wrapper
Target: x86_64-w64-mingw32
Configured with: ../configure --prefix=/usr --bindir=/usr/bin --includedir=/usr/include --libdir=/usr/lib64 --libexecdir=/usr/lib64 --mandir=/usr/share/man --infodir=/usr/share/info --datadir=/usr/share --build=x86_64-suse-linux-gnu --host=x86_64-suse-linux-gnu --target=x86_64-w64-mingw32 --with-gnu-as --with-gnu-ld --verbose --without-newlib --disable-multilib --enable-shared --disable-plugin --with-system-zlib --disable-nls --without-included-gettext --disable-win32-registry --enable-threads=posix --enable-version-specific-runtime-libs --with-sysroot=/usr/x86_64-w64-mingw32/sys-root --enable-languages=c,c++,fortran,objc,obj-c++ --without-x --enable-hash-synchronization --enable-fully-dynamic-string --enable-libgomp --enable-linker-build-id --disable-vtable-verify --with-pkgversion='SUSE Linux'
Thread model: posix
gcc version 9.2.0 (SUSE Linux) 
configure:4769: $? = 0
configure:4758: x86_64-w64-mingw32-g++ -V >&5
x86_64-w64-mingw32-g++: error: unrecognized command line option '-V'
x86_64-w64-mingw32-g++: fatal error: no input files
compilation terminated.
configure:4769: $? = 1
configure:4758: x86_64-w64-mingw32-g++ -qversion >&5
x86_64-w64-mingw32-g++: error: unrecognized command line option '-qversion'; did you mean '--version'?
x86_64-w64-mingw32-g++: fatal error: no input files
compilation terminated.
configure:4769: $? = 1
configure:4773: checking whether we are using the GNU C++ compiler
configure:4792: x86_64-w64-mingw32-g++ -c -m64 -std=c++14  conftest.cpp >&5
configure:4792: $? = 0
configure:4801: result: yes
configure:4810: checking whether x86_64-w64-mingw32-g++ accepts -g
configure:4830: x86_64-w64-mingw32-g++ -c -g  conftest.cpp >&5
configure:4830: $? = 0
configure:4871: result: yes
configure:4896: checking dependency style of x86_64-w64-mingw32-g++
configure:5007: result: gcc3
configure:5445: checking for x86_64-w64-mingw32-ranlib
configure:5472: result: x86_64-w64-mingw32-ranlib
configure:5538: checking whether additional CCFLAGS flags should be added
configure:5545: result: CCFLAGS = -fPIC -O3 
configure:5557: checking whether additional CXXFLAGS flags should be added
configure:5564: result: CXXFLAGS = -fPIC -O3 -m64 -std=c++14
configure:5577: checking whether additional CFLAGS flags should be added
configure:5588: result: no
configure:5595: checking whether additional FCFLAGS flags should be added
configure:5606: result: no
configure:5614: checking whether additional libraries are needed
configure:5625: result: no
configure:5633: checking whether additional LDFLAGS flags should be added
configure:5644: result: no
configure:5677: checking for special archiver command
configure:5691: result: none
configure:5714: checking how to run the C++ preprocessor
configure:5741: x86_64-w64-mingw32-g++ -E  conftest.cpp
configure:5741: $? = 0
configure:5755: x86_64-w64-mingw32-g++ -E  conftest.cpp
conftest.cpp:9:10: fatal error: ac_nonexistent.h: No such file or directory
    9 | #include <ac_nonexistent.h>
      |          ^~~~~~~~~~~~~~~~~~
compilation terminated.
configure:5755: $? = 1
configure: failed program was:
| /* confdefs.h */
| #define PACKAGE_NAME "Zoltan"
| #define PACKAGE_TARNAME "zoltan"
| #define PACKAGE_VERSION "3.6"
| #define PACKAGE_STRING "Zoltan 3.6"
| #define PACKAGE_BUGREPORT "lriesen@sandia.gov"
| #define PACKAGE_URL ""
| /* end confdefs.h.  */
| #include <ac_nonexistent.h>
configure:5780: result: x86_64-w64-mingw32-g++ -E
configure:5800: x86_64-w64-mingw32-g++ -E  conftest.cpp
configure:5800: $? = 0
configure:5814: x86_64-w64-mingw32-g++ -E  conftest.cpp
conftest.cpp:9:10: fatal error: ac_nonexistent.h: No such file or directory
    9 | #include <ac_nonexistent.h>
      |          ^~~~~~~~~~~~~~~~~~
compilation terminated.
configure:5814: $? = 1
configure: failed program was:
| /* confdefs.h */
| #define PACKAGE_NAME "Zoltan"
| #define PACKAGE_TARNAME "zoltan"
| #define PACKAGE_VERSION "3.6"
| #define PACKAGE_STRING "Zoltan 3.6"
| #define PACKAGE_BUGREPORT "lriesen@sandia.gov"
| #define PACKAGE_URL ""
| /* end confdefs.h.  */
| #include <ac_nonexistent.h>
configure:5931: checking whether to build export makefiles
configure:5936: result: yes
configure:6008: checking for perl
configure:6024: found /usr/bin/perl
configure:6036: result: yes
configure:6078: checking whether gnumake specific code should be enabled
configure:6088: result: no
configure:6115: checking data type for ZOLTAN_ID_TYPE
configure:6155: result: typedef unsigned int ZOLTAN_ID_TYPE
configure:6169: checking whether to use gzip
configure:6179: result: no
configure:6205: checking whether to use parmetis
configure:6215: result: no
configure:6268: checking whether to use scotch
configure:6278: result: no
configure:6332: checking whether to use patoh
configure:6342: result: no
configure:6393: checking whether to use nemesis_exodus
configure:6403: result: no
configure:6439: checking whether to use tests
configure:6443: result: yes
configure:6470: checking whether to use zoltan-tests
configure:6474: result: yes
configure:6502: checking whether to use examples
configure:6506: result: yes
configure:6533: checking whether to use zoltan-examples
configure:6537: result: yes
configure:6586: checking whether additional library search paths defined
configure:6597: result: no
configure:6605: checking whether additional include search paths defined
configure:6619: result: no
configure:8254: creating ./config.status

## ---------------------- ##
## Running config.status. ##
## ---------------------- ##

This file was extended by Zoltan config.status 3.6, which was
generated by GNU Autoconf 2.68.  Invocation command line was

  CONFIG_FILES    = 
  CONFIG_HEADERS  = 
  CONFIG_LINKS    = 
  CONFIG_COMMANDS = 
  $ ./config.status 

on DESKTOP-03G0G1T

config.status:942: creating Makefile
config.status:942: creating src/Makefile
config.status:942: creating src/driver/Makefile
config.status:942: creating src/fdriver/Makefile
config.status:942: creating Makefile.export.zoltan
config.status:942: creating example/Makefile
config.status:942: creating example/C/Makefile
config.status:942: creating example/CPP/Makefile
config.status:942: creating siMPI/Makefile
config.status:942: creating siMPI/pyMPI/Makefile
config.status:942: creating siMPI/pyMPI/siMPI/Makefile
config.status:942: creating src/include/Zoltan_config.h
config.status:1156: executing depfiles commands

## ---------------- ##
## Cache variables. ##
## ---------------- ##

ac_cv_build=x86_64-pc-linux-gnu
ac_cv_c_compiler_gnu=yes
ac_cv_cxx_compiler_gnu=yes
ac_cv_env_CCC_set=
ac_cv_env_CCC_value=
ac_cv_env_CC_set=set
ac_cv_env_CC_value=x86_64-w64-mingw32-gcc
ac_cv_env_CFLAGS_set=set
ac_cv_env_CFLAGS_value=-m64
ac_cv_env_CPPFLAGS_set=
ac_cv_env_CPPFLAGS_value=
ac_cv_env_CXXCPP_set=
ac_cv_env_CXXCPP_value=
ac_cv_env_CXXFLAGS_set=set
ac_cv_env_CXXFLAGS_value='-m64 -std=c++14'
ac_cv_env_CXX_set=set
ac_cv_env_CXX_value=x86_64-w64-mingw32-g++
ac_cv_env_FCFLAGS_set=
ac_cv_env_FCFLAGS_value=
ac_cv_env_FC_set=
ac_cv_env_FC_value=
ac_cv_env_LDFLAGS_set=set
ac_cv_env_LDFLAGS_value=-m64
ac_cv_env_LIBS_set=
ac_cv_env_LIBS_value=
ac_cv_env_build_alias_set=
ac_cv_env_build_alias_value=
ac_cv_env_host_alias_set=set
ac_cv_env_host_alias_value=x86_64-w64-mingw32
ac_cv_env_target_alias_set=
ac_cv_env_target_alias_value=
ac_cv_exeext=.exe
ac_cv_host=x86_64-w64-mingw32
ac_cv_objext=o
ac_cv_path_install='/usr/bin/install -c'
ac_cv_path_mkdir=/usr/bin/mkdir
ac_cv_prog_AWK=gawk
ac_cv_prog_CC=x86_64-w64-mingw32-gcc
ac_cv_prog_CXXCPP='x86_64-w64-mingw32-g++ -E'
ac_cv_prog_HAVE_PERL=yes
ac_cv_prog_RANLIB=x86_64-w64-mingw32-ranlib
ac_cv_prog_STRIP=x86_64-w64-mingw32-strip
ac_cv_prog_cc_c89=
ac_cv_prog_cc_g=yes
ac_cv_prog_cc_x86_64_w64_mingw32_gcc_c_o=yes
ac_cv_prog_cxx_g=yes
ac_cv_prog_make_make_set=yes
ac_cv_target=x86_64-w64-mingw32
ac_cv_use_examples=yes
ac_cv_use_export_makefiles=yes
ac_cv_use_f90interface=no
ac_cv_use_fortran90=no
ac_cv_use_fortran=no
ac_cv_use_gnumake=no
ac_cv_use_gzip=no
ac_cv_use_nemesis_exodus=no
ac_cv_use_parmetis=no
ac_cv_use_patoh=no
ac_cv_use_scotch=no
ac_cv_use_tests=yes
ac_cv_use_zoltan_cppdriver=no
ac_cv_use_zoltan_examples=yes
ac_cv_use_zoltan_tests=yes
am_cv_CC_dependencies_compiler_type=gcc3
am_cv_CXX_dependencies_compiler_type=gcc3
am_cv_prog_tar_ustar=gnutar
ax_cv_f90_modulecase=lower

## ----------------- ##
## Output variables. ##
## ----------------- ##

ACLOCAL='${SHELL} /home/kodama/OpenFOAM-Foundation/ThirdParty-13/Zoltan-3.90/config/missing --run aclocal-1.11'
ALTERNATE_AR=''
AMDEPBACKSLASH='\'
AMDEP_FALSE='#'
AMDEP_TRUE=''
AMTAR='$${TAR-tar}'
AUTOCONF='${SHELL} /home/kodama/OpenFOAM-Foundation/ThirdParty-13/Zoltan-3.90/config/missing --run autoconf'
AUTOHEADER='${SHELL} /home/kodama/OpenFOAM-Foundation/ThirdParty-13/Zoltan-3.90/config/missing --run autoheader'
AUTOMAKE='${SHELL} /home/kodama/OpenFOAM-Foundation/ThirdParty-13/Zoltan-3.90/config/missing --run automake-1.11'
AWK='gawk'
BUILD_EXAMPLES_FALSE='#'
BUILD_EXAMPLES_TRUE=''
BUILD_GZIP_FALSE=''
BUILD_GZIP_TRUE='#'
BUILD_PARMETIS_FALSE=''
BUILD_PARMETIS_TRUE='#'
BUILD_SCOTCH_FALSE=''
BUILD_SCOTCH_TRUE='#'
BUILD_TESTS_FALSE='#'
BUILD_TESTS_TRUE=''
BUILD_ZOLTAN_F90_INTERFACE_FALSE=''
BUILD_ZOLTAN_F90_INTERFACE_TRUE='#'
CC='x86_64-w64-mingw32-gcc'
CCDEPMODE='depmode=gcc3'
CFLAGS='-m64'
CPPFLAGS='-DAUTOTOOLS_BUILD  '
CXX='x86_64-w64-mingw32-g++'
CXXCPP='x86_64-w64-mingw32-g++ -E'
CXXDEPMODE='depmode=gcc3'
CXXFLAGS='-DMPICH_IGNORE_CXX_SEEK  -fPIC -O3 -m64 -std=c++14'
CYGPATH_W='echo'
DEFS='-DHAVE_CONFIG_H'
DEPDIR='.deps'
ECHO_C=''
ECHO_N='-n'
ECHO_T=''
EXEEXT='.exe'
F90_MODULE_LOWERCASE_FALSE='#'
F90_MODULE_LOWERCASE_TRUE=''
FC=''
FCFLAGS=''
FCFLAGS_f90=''
FCFLAGS_f=''
FCLIBS=''
FC_MAJOR_VERSION=''
FC_MODNAME=''
FC_MODNAME_Q=''
FC_VENDOR='none'
FC_VERSION=''
FC_VERSION_STRING=''
HAVE_MPI_FALSE=''
HAVE_MPI_TRUE='#'
HAVE_PERL='yes'
HAVE_ZOLTAN_CPPDRIVER_FALSE=''
HAVE_ZOLTAN_CPPDRIVER_TRUE='#'
HOST_CYGWIN_FALSE=''
HOST_CYGWIN_TRUE='#'
HOST_LINUX_FALSE=''
HOST_LINUX_TRUE='#'
HOST_SOLARIS_FALSE=''
HOST_SOLARIS_TRUE='#'
INSTALL_DATA='${INSTALL} -m 644'
INSTALL_PROGRAM='${INSTALL}'
INSTALL_SCRIPT='${INSTALL}'
INSTALL_STRIP_PROGRAM='$(install_sh) -c -s'
LDFLAGS='-m64'
LIBOBJS=''
LIBS=' -lm'
LTLIBOBJS=''
MAINT='#'
MAINTAINER_MODE_FALSE=''
MAINTAINER_MODE_TRUE='#'
MAKEINFO='${SHELL} /home/kodama/OpenFOAM-Foundation/ThirdParty-13/Zoltan-3.90/config/missing --run makeinfo'
MKDIR_P='/usr/bin/mkdir -p'
MPI_CC=''
MPI_CXX=''
MPI_FC=''
MPI_RECV_LIMIT_FLAG=''
NAG_F90_COMPILER_FALSE=''
NAG_F90_COMPILER_TRUE='#'
OBJEXT='o'
PACKAGE='zoltan'
PACKAGE_BUGREPORT='lriesen@sandia.gov'
PACKAGE_NAME='Zoltan'
PACKAGE_STRING='Zoltan 3.6'
PACKAGE_TARNAME='zoltan'
PACKAGE_URL=''
PACKAGE_VERSION='3.6'
PATH_SEPARATOR=':'
PERL_EXE='perl'
RANLIB='x86_64-w64-mingw32-ranlib'
SET_MAKE=''
SHELL='/bin/sh'
STRIP='x86_64-w64-mingw32-strip'
SUB_EXAMPLE_FALSE=''
SUB_EXAMPLE_TRUE='#'
SUB_TEST_FALSE=''
SUB_TEST_TRUE='#'
USE_ALTERNATE_AR_FALSE=''
USE_ALTERNATE_AR_TRUE='#'
USING_EXPORT_MAKEFILES_FALSE='#'
USING_EXPORT_MAKEFILES_TRUE=''
USING_GNUMAKE_FALSE=''
USING_GNUMAKE_TRUE='#'
USING_PERL_FALSE='#'
USING_PERL_TRUE=''
VERSION='3.6'
ac_aux_dir='../config'
ac_ct_CC=''
ac_ct_CXX=''
ac_ct_FC=''
am__EXEEXT_FALSE='#'
am__EXEEXT_TRUE=''
am__fastdepCC_FALSE='#'
am__fastdepCC_TRUE=''
am__fastdepCXX_FALSE='#'
am__fastdepCXX_TRUE=''
am__include='include'
am__isrc=' -I$(srcdir)'
am__leading_dot='.'
am__nodep='_no'
am__quote=''
am__tar='tar --format=ustar -chf - "$$tardir"'
am__untar='tar -xf -'
bindir='${exec_prefix}/bin'
build='x86_64-pc-linux-gnu'
build_alias=''
build_cpu='x86_64'
build_os='linux-gnu'
build_vendor='pc'
datadir='${datarootdir}'
datarootdir='${prefix}/share'
docdir='${datarootdir}/doc/${PACKAGE_TARNAME}'
dvidir='${docdir}'
exec_prefix='${prefix}'
host='x86_64-w64-mingw32'
host_alias='x86_64-w64-mingw32'
host_cpu='x86_64'
host_os='mingw32'
host_vendor='w64'
htmldir='${docdir}'
includedir='${prefix}/include'
infodir='${datarootdir}/info'
install_sh='${SHELL} /home/kodama/OpenFOAM-Foundation/ThirdParty-13/Zoltan-3.90/config/install-sh'
libdir='${exec_prefix}/lib'
libexecdir='${exec_prefix}/libexec'
localedir='${datarootdir}/locale'
localstatedir='${prefix}/var'
mandir='${datarootdir}/man'
mkdir_p='/usr/bin/mkdir -p'
oldincludedir='/usr/include'
pdfdir='${docdir}'
prefix='/home/kodama/OpenFOAM-Foundation/ThirdParty-13/platforms/linux64MingwDPInt32'
program_transform_name='s,x,x,'
psdir='${docdir}'
sbindir='${exec_prefix}/sbin'
sharedstatedir='${prefix}/com'
sysconfdir='${prefix}/etc'
target='x86_64-w64-mingw32'
target_alias=''
target_cpu='x86_64'
target_os='mingw32'
target_vendor='w64'

## ----------- ##
## confdefs.h. ##
## ----------- ##

/* confdefs.h */
#define PACKAGE_NAME "Zoltan"
#define PACKAGE_TARNAME "zoltan"
#define PACKAGE_VERSION "3.6"
#define PACKAGE_STRING "Zoltan 3.6"
#define PACKAGE_BUGREPORT "lriesen@sandia.gov"
#define PACKAGE_URL ""
#define HAVE_EXPORT_MAKEFILES /**/
#define UNSIGNED_INT_GLOBAL_IDS 1
#define HAVE_TESTS /**/
#define HAVE_ZOLTAN_TESTS /**/
#define HAVE_EXAMPLES /**/
#define HAVE_ZOLTAN_EXAMPLES /**/

configure: exit 0
